
> satwika-app-redesign@0.1.0 build
> next build

Γû▓ Next.js 16.2.10 (Turbopack)

  Creating an optimized production build ...
/*! ≡ƒî╝ daisyUI 5.6.14 */
Γ£ô Compiled successfully in 22.6s
  Running TypeScript ...
